21:01:48 **** Build of configuration Debug for project stm32f401re_new ****
make -j12 all 
arm-none-eabi-gcc "../driver/src/stm32f_gpio_driver.c" -mcpu=cortex-m4 -std=gnu11 -g3 -DDEBUG -DNUCLEO_F401RE -DSTM32 -DSTM32F401RETx -DSTM32F4 -c -I../Inc -I"D:/shiva/em/workspace/stm32f401re_new/driver/inc" -I"D:/shiva/em/workspace/stm32f401re_new/driver/src" -O0 -ffunction-sections -fdata-sections -Wall -fstack-usage -fcyclomatic-complexity -MMD -MP -MF"driver/src/stm32f_gpio_driver.d" -MT"driver/src/stm32f_gpio_driver.o" --specs=nano.specs -mfpu=fpv4-sp-d16 -mfloat-abi=hard -mthumb -o "driver/src/stm32f_gpio_driver.o"
arm-none-eabi-gcc "../driver/src/stm32f_spi_driver.c" -mcpu=cortex-m4 -std=gnu11 -g3 -DDEBUG -DNUCLEO_F401RE -DSTM32 -DSTM32F401RETx -DSTM32F4 -c -I../Inc -I"D:/shiva/em/workspace/stm32f401re_new/driver/inc" -I"D:/shiva/em/workspace/stm32f401re_new/driver/src" -O0 -ffunction-sections -fdata-sections -Wall -fstack-usage -fcyclomatic-complexity -MMD -MP -MF"driver/src/stm32f_spi_driver.d" -MT"driver/src/stm32f_spi_driver.o" --specs=nano.specs -mfpu=fpv4-sp-d16 -mfloat-abi=hard -mthumb -o "driver/src/stm32f_spi_driver.o"
arm-none-eabi-gcc -mcpu=cortex-m4 -g3 -DDEBUG -c -x assembler-with-cpp -MMD -MP -MF"Startup/startup_stm32f401retx.d" -MT"Startup/startup_stm32f401retx.o" --specs=nano.specs -mfpu=fpv4-sp-d16 -mfloat-abi=hard -mthumb -o "Startup/startup_stm32f401retx.o" "../Startup/startup_stm32f401retx.s"
arm-none-eabi-gcc "../Src/006_SPI_Tx_Only_Esp32.c" -mcpu=cortex-m4 -std=gnu11 -g3 -DDEBUG -DNUCLEO_F401RE -DSTM32 -DSTM32F401RETx -DSTM32F4 -c -I../Inc -I"D:/shiva/em/workspace/stm32f401re_new/driver/inc" -I"D:/shiva/em/workspace/stm32f401re_new/driver/src" -O0 -ffunction-sections -fdata-sections -Wall -fstack-usage -fcyclomatic-complexity -MMD -MP -MF"Src/006_SPI_Tx_Only_Esp32.d" -MT"Src/006_SPI_Tx_Only_Esp32.o" --specs=nano.specs -mfpu=fpv4-sp-d16 -mfloat-abi=hard -mthumb -o "Src/006_SPI_Tx_Only_Esp32.o"
arm-none-eabi-gcc "../Src/syscalls.c" -mcpu=cortex-m4 -std=gnu11 -g3 -DDEBUG -DNUCLEO_F401RE -DSTM32 -DSTM32F401RETx -DSTM32F4 -c -I../Inc -I"D:/shiva/em/workspace/stm32f401re_new/driver/inc" -I"D:/shiva/em/workspace/stm32f401re_new/driver/src" -O0 -ffunction-sections -fdata-sections -Wall -fstack-usage -fcyclomatic-complexity -MMD -MP -MF"Src/syscalls.d" -MT"Src/syscalls.o" --specs=nano.specs -mfpu=fpv4-sp-d16 -mfloat-abi=hard -mthumb -o "Src/syscalls.o"
arm-none-eabi-gcc "../Src/sysmem.c" -mcpu=cortex-m4 -std=gnu11 -g3 -DDEBUG -DNUCLEO_F401RE -DSTM32 -DSTM32F401RETx -DSTM32F4 -c -I../Inc -I"D:/shiva/em/workspace/stm32f401re_new/driver/inc" -I"D:/shiva/em/workspace/stm32f401re_new/driver/src" -O0 -ffunction-sections -fdata-sections -Wall -fstack-usage -fcyclomatic-complexity -MMD -MP -MF"Src/sysmem.d" -MT"Src/sysmem.o" --specs=nano.specs -mfpu=fpv4-sp-d16 -mfloat-abi=hard -mthumb -o "Src/sysmem.o"
arm-none-eabi-gcc -o "stm32f401re_new.elf" @"objects.list"   -mcpu=cortex-m4 -T"D:\shiva\em\workspace\stm32f401re_new\STM32F401RETX_FLASH.ld" --specs=nosys.specs -Wl,-Map="stm32f401re_new.map" -Wl,--gc-sections -static --specs=nano.specs -mfpu=fpv4-sp-d16 -mfloat-abi=hard -mthumb -Wl,--start-group -lc -lm -Wl,--end-group
C:/ST/STM32CubeIDE_1.19.0/STM32CubeIDE/plugins/com.st.stm32cube.ide.mcu.externaltools.gnu-tools-for-stm32.13.3.rel1.win32_1.0.0.202411081344/tools/bin/../lib/gcc/arm-none-eabi/13.3.1/../../../../arm-none-eabi/bin/ld.exe: ./Startup/startup_stm32f401retx.o: in function `Reset_Handler':
D:/shiva/em/workspace/stm32f401re_new/Debug/../Startup/startup_stm32f401retx.s:99:(.text.Reset_Handler+0x32): undefined reference to `main'
collect2.exe: error: ld returned 1 exit status
make: *** [makefile:64: stm32f401re_new.elf] Error 1
"make -j12 all" terminated with exit code 2. Build might be incomplete.
21:19:22 **** Clean-only build of configuration Debug for project stm32f401re_new ****
make -j12 clean 
rm -rf ./driver/src/stm32f_gpio_driver.cyclo ./driver/src/stm32f_gpio_driver.d ./driver/src/stm32f_gpio_driver.o ./driver/src/stm32f_gpio_driver.su ./driver/src/stm32f_spi_driver.cyclo ./driver/src/stm32f_spi_driver.d ./driver/src/stm32f_spi_driver.o ./driver/src/stm32f_spi_driver.su
rm -rf ./Startup/startup_stm32f401retx.d ./Startup/startup_stm32f401retx.o
rm -rf ./Src/001_Led_Toggle.cyclo ./Src/001_Led_Toggle.d ./Src/001_Led_Toggle.o ./Src/001_Led_Toggle.su ./Src/syscalls.cyclo ./Src/syscalls.d ./Src/syscalls.o ./Src/syscalls.su ./Src/sysmem.cyclo ./Src/sysmem.d ./Src/sysmem.o ./Src/sysmem.su
rm -rf default.size.stdout stm32f401re_new.elf stm32f401re_new.list stm32f401re_new.map
 
21:19:22 **** Incremental Build of configuration Debug for project stm32f401re_new ****
make -j12 all 
arm-none-eabi-gcc "../driver/src/stm32f_gpio_driver.c" -mcpu=cortex-m4 -std=gnu11 -g3 -DDEBUG -DNUCLEO_F401RE -DSTM32 -DSTM32F401RETx -DSTM32F4 -c -I../Inc -I"D:/shiva/em/workspace/stm32f401re_new/driver/inc" -I"D:/shiva/em/workspace/stm32f401re_new/driver/src" -O0 -ffunction-sections -fdata-sections -Wall -fstack-usage -fcyclomatic-complexity -MMD -MP -MF"driver/src/stm32f_gpio_driver.d" -MT"driver/src/stm32f_gpio_driver.o" --specs=nano.specs -mfpu=fpv4-sp-d16 -mfloat-abi=hard -mthumb -o "driver/src/stm32f_gpio_driver.o"
arm-none-eabi-gcc "../driver/src/stm32f_spi_driver.c" -mcpu=cortex-m4 -std=gnu11 -g3 -DDEBUG -DNUCLEO_F401RE -DSTM32 -DSTM32F401RETx -DSTM32F4 -c -I../Inc -I"D:/shiva/em/workspace/stm32f401re_new/driver/inc" -I"D:/shiva/em/workspace/stm32f401re_new/driver/src" -O0 -ffunction-sections -fdata-sections -Wall -fstack-usage -fcyclomatic-complexity -MMD -MP -MF"driver/src/stm32f_spi_driver.d" -MT"driver/src/stm32f_spi_driver.o" --specs=nano.specs -mfpu=fpv4-sp-d16 -mfloat-abi=hard -mthumb -o "driver/src/stm32f_spi_driver.o"
arm-none-eabi-gcc -mcpu=cortex-m4 -g3 -DDEBUG -c -x assembler-with-cpp -MMD -MP -MF"Startup/startup_stm32f401retx.d" -MT"Startup/startup_stm32f401retx.o" --specs=nano.specs -mfpu=fpv4-sp-d16 -mfloat-abi=hard -mthumb -o "Startup/startup_stm32f401retx.o" "../Startup/startup_stm32f401retx.s"
arm-none-eabi-gcc "../Src/001_Led_Toggle.c" -mcpu=cortex-m4 -std=gnu11 -g3 -DDEBUG -DNUCLEO_F401RE -DSTM32 -DSTM32F401RETx -DSTM32F4 -c -I../Inc -I"D:/shiva/em/workspace/stm32f401re_new/driver/inc" -I"D:/shiva/em/workspace/stm32f401re_new/driver/src" -O0 -ffunction-sections -fdata-sections -Wall -fstack-usage -fcyclomatic-complexity -MMD -MP -MF"Src/001_Led_Toggle.d" -MT"Src/001_Led_Toggle.o" --specs=nano.specs -mfpu=fpv4-sp-d16 -mfloat-abi=hard -mthumb -o "Src/001_Led_Toggle.o"
arm-none-eabi-gcc "../Src/syscalls.c" -mcpu=cortex-m4 -std=gnu11 -g3 -DDEBUG -DNUCLEO_F401RE -DSTM32 -DSTM32F401RETx -DSTM32F4 -c -I../Inc -I"D:/shiva/em/workspace/stm32f401re_new/driver/inc" -I"D:/shiva/em/workspace/stm32f401re_new/driver/src" -O0 -ffunction-sections -fdata-sections -Wall -fstack-usage -fcyclomatic-complexity -MMD -MP -MF"Src/syscalls.d" -MT"Src/syscalls.o" --specs=nano.specs -mfpu=fpv4-sp-d16 -mfloat-abi=hard -mthumb -o "Src/syscalls.o"
arm-none-eabi-gcc "../Src/sysmem.c" -mcpu=cortex-m4 -std=gnu11 -g3 -DDEBUG -DNUCLEO_F401RE -DSTM32 -DSTM32F401RETx -DSTM32F4 -c -I../Inc -I"D:/shiva/em/workspace/stm32f401re_new/driver/inc" -I"D:/shiva/em/workspace/stm32f401re_new/driver/src" -O0 -ffunction-sections -fdata-sections -Wall -fstack-usage -fcyclomatic-complexity -MMD -MP -MF"Src/sysmem.d" -MT"Src/sysmem.o" --specs=nano.specs -mfpu=fpv4-sp-d16 -mfloat-abi=hard -mthumb -o "Src/sysmem.o"
arm-none-eabi-gcc -o "stm32f401re_new.elf" @"objects.list"   -mcpu=cortex-m4 -T"D:\shiva\em\workspace\stm32f401re_new\STM32F401RETX_FLASH.ld" --specs=nosys.specs -Wl,-Map="stm32f401re_new.map" -Wl,--gc-sections -static --specs=nano.specs -mfpu=fpv4-sp-d16 -mfloat-abi=hard -mthumb -Wl,--start-group -lc -lm -Wl,--end-group
Finished building target: stm32f401re_new.elf
 
arm-none-eabi-size  stm32f401re_new.elf 
arm-none-eabi-objdump -h -S stm32f401re_new.elf  > "stm32f401re_new.list"
   text	   data	    bss	    dec	    hex	filename
   1892	      0	   1568	   3460	    d84	stm32f401re_new.elf
Finished building: default.size.stdout
 
Finished building: stm32f401re_new.list
 
