21:19:22 **** Incremental Build of configuration Debug for project stm32f401re_new ****
make -j12 all 
arm-none-eabi-gcc "../driver/src/stm32f_gpio_driver.c" -mcpu=cortex-m4 -std=gnu11 -g3 -DDEBUG -DNUCLEO_F401RE -DSTM32 -DSTM32F401RETx -DSTM32F4 -c -I../Inc -I"D:/shiva/em/workspace/stm32f401re_new/driver/inc" -I"D:/shiva/em/workspace/stm32f401re_new/driver/src" -O0 -ffunction-sections -fdata-sections -Wall -fstack-usage -fcyclomatic-complexity -MMD -MP -MF"driver/src/stm32f_gpio_driver.d" -MT"driver/src/stm32f_gpio_driver.o" --specs=nano.specs -mfpu=fpv4-sp-d16 -mfloat-abi=hard -mthumb -o "driver/src/stm32f_gpio_driver.o"
arm-none-eabi-gcc "../driver/src/stm32f_spi_driver.c" -mcpu=cortex-m4 -std=gnu11 -g3 -DDEBUG -DNUCLEO_F401RE -DSTM32 -DSTM32F401RETx -DSTM32F4 -c -I../Inc -I"D:/shiva/em/workspace/stm32f401re_new/driver/inc" -I"D:/shiva/em/workspace/stm32f401re_new/driver/src" -O0 -ffunction-sections -fdata-sections -Wall -fstack-usage -fcyclomatic-complexity -MMD -MP -MF"driver/src/stm32f_spi_driver.d" -MT"driver/src/stm32f_spi_driver.o" --specs=nano.specs -mfpu=fpv4-sp-d16 -mfloat-abi=hard -mthumb -o "driver/src/stm32f_spi_driver.o"
arm-none-eabi-gcc -mcpu=cortex-m4 -g3 -DDEBUG -c -x assembler-with-cpp -MMD -MP -MF"Startup/startup_stm32f401retx.d" -MT"Startup/startup_stm32f401retx.o" --specs=nano.specs -mfpu=fpv4-sp-d16 -mfloat-abi=hard -mthumb -o "Startup/startup_stm32f401retx.o" "../Startup/startup_stm32f401retx.s"
arm-none-eabi-gcc "../Src/001_Led_Toggle.c" -mcpu=cortex-m4 -std=gnu11 -g3 -DDEBUG -DNUCLEO_F401RE -DSTM32 -DSTM32F401RETx -DSTM32F4 -c -I../Inc -I"D:/shiva/em/workspace/stm32f401re_new/driver/inc" -I"D:/shiva/em/workspace/stm32f401re_new/driver/src" -O0 -ffunction-sections -fdata-sections -Wall -fstack-usage -fcyclomatic-complexity -MMD -MP -MF"Src/001_Led_Toggle.d" -MT"Src/001_Led_Toggle.o" --specs=nano.specs -mfpu=fpv4-sp-d16 -mfloat-abi=hard -mthumb -o "Src/001_Led_Toggle.o"
arm-none-eabi-gcc "../Src/syscalls.c" -mcpu=cortex-m4 -std=gnu11 -g3 -DDEBUG -DNUCLEO_F401RE -DSTM32 -DSTM32F401RETx -DSTM32F4 -c -I../Inc -I"D:/shiva/em/workspace/stm32f401re_new/driver/inc" -I"D:/shiva/em/workspace/stm32f401re_new/driver/src" -O0 -ffunction-sections -fdata-sections -Wall -fstack-usage -fcyclomatic-complexity -MMD -MP -MF"Src/syscalls.d" -MT"Src/syscalls.o" --specs=nano.specs -mfpu=fpv4-sp-d16 -mfloat-abi=hard -mthumb -o "Src/syscalls.o"
arm-none-eabi-gcc "../Src/sysmem.c" -mcpu=cortex-m4 -std=gnu11 -g3 -DDEBUG -DNUCLEO_F401RE -DSTM32 -DSTM32F401RETx -DSTM32F4 -c -I../Inc -I"D:/shiva/em/workspace/stm32f401re_new/driver/inc" -I"D:/shiva/em/workspace/stm32f401re_new/driver/src" -O0 -ffunction-sections -fdata-sections -Wall -fstack-usage -fcyclomatic-complexity -MMD -MP -MF"Src/sysmem.d" -MT"Src/sysmem.o" --specs=nano.specs -mfpu=fpv4-sp-d16 -mfloat-abi=hard -mthumb -o "Src/sysmem.o"
arm-none-eabi-gcc -o "stm32f401re_new.elf" @"objects.list"   -mcpu=cortex-m4 -T"D:\shiva\em\workspace\stm32f401re_new\STM32F401RETX_FLASH.ld" --specs=nosys.specs -Wl,-Map="stm32f401re_new.map" -Wl,--gc-sections -static --specs=nano.specs -mfpu=fpv4-sp-d16 -mfloat-abi=hard -mthumb -Wl,--start-group -lc -lm -Wl,--end-group
Finished building target: stm32f401re_new.elf
 
arm-none-eabi-size  stm32f401re_new.elf 
arm-none-eabi-objdump -h -S stm32f401re_new.elf  > "stm32f401re_new.list"
   text	   data	    bss	    dec	    hex	filename
   1892	      0	   1568	   3460	    d84	stm32f401re_new.elf
Finished building: default.size.stdout
 
Finished building: stm32f401re_new.list
 

21:19:23 Build Finished. 0 errors, 0 warnings. (took 974ms)

